2024-11-17 00:57:58,201 - sending packet 0
2024-11-17 00:57:58,201 - sending packet 1
2024-11-17 00:57:58,201 - packet 0 received
2024-11-17 00:57:58,201 - sending packet 2
2024-11-17 00:57:58,201 - packet 1 received
2024-11-17 00:57:58,201 - sending packet 3
2024-11-17 00:57:58,201 - packet 2 received
2024-11-17 00:57:58,201 - packet 3 dropped
2024-11-17 00:57:58,202 - ack 0 received
2024-11-17 00:57:58,202 - sending packet 4
2024-11-17 00:57:58,202 - ack 1 received
2024-11-17 00:57:58,202 - packet 4 received out of order
2024-11-17 00:57:58,202 - sending packet 5
2024-11-17 00:57:58,202 - ack 2 received
2024-11-17 00:57:58,202 - packet 5 received out of order
2024-11-17 00:57:58,202 - ack 2 received, Ignoring
2024-11-17 00:57:58,202 - ack 2 received, Ignoring
2024-11-17 00:57:59,215 - packet 3 timed out
2024-11-17 00:57:59,215 - sending packet 3
2024-11-17 00:57:59,216 - sending packet 4
2024-11-17 00:57:59,216 - packet 4 dropped
2024-11-17 00:57:59,216 - sending packet 5
2024-11-17 00:57:59,216 - packet 3 received
2024-11-17 00:57:59,216 - packet 5 received out of order
2024-11-17 00:57:59,216 - ack 3 received
2024-11-17 00:57:59,216 - ack 3 received, Ignoring
2024-11-17 00:58:00,220 - packet 4 timed out
2024-11-17 00:58:00,220 - sending packet 4
2024-11-17 00:58:00,220 - sending packet 5
2024-11-17 00:58:00,220 - packet 4 received
2024-11-17 00:58:00,220 - packet 5 received
2024-11-17 00:58:00,221 - ack 4 received
2024-11-17 00:58:00,221 - ack 5 received
